// Jest Snapshot v1, https://goo.gl/fbAQLP

exports[`Landing should match the snapshot 1`] = `
ShallowWrapper {
  Symbol(enzyme.__root__): [Circular],
  Symbol(enzyme.__unrendered__): <Landing
    currentUser={Object {}}
  />,
  Symbol(enzyme.__renderer__): Object {
    "batchedUpdates": [Function],
    "getNode": [Function],
    "render": [Function],
    "simulateError": [Function],
    "simulateEvent": [Function],
    "unmount": [Function],
  },
  Symbol(enzyme.__node__): Object {
    "instance": null,
    "key": undefined,
    "nodeType": "host",
    "props": Object {
      "children": Array [
        <StateManager
          className="select-input"
          defaultInputValue=""
          defaultMenuIsOpen={false}
          defaultValue={null}
          onChange={[Function]}
          options={Array []}
          placeholder="Search a neighborhhod for projects"
          value=""
        />,
        <ProjectsContainer
          allUsers={Array []}
          projects={Array []}
        />,
      ],
      "className": "landing-page",
    },
    "ref": null,
    "rendered": Array [
      Object {
        "instance": null,
        "key": undefined,
        "nodeType": "class",
        "props": Object {
          "className": "select-input",
          "defaultInputValue": "",
          "defaultMenuIsOpen": false,
          "defaultValue": null,
          "onChange": [Function],
          "options": Array [],
          "placeholder": "Search a neighborhhod for projects",
          "value": "",
        },
        "ref": null,
        "rendered": null,
        "type": [Function],
      },
      Object {
        "instance": null,
        "key": undefined,
        "nodeType": "function",
        "props": Object {
          "allUsers": Array [],
          "projects": Array [],
        },
        "ref": null,
        "rendered": null,
        "type": [Function],
      },
    ],
    "type": "div",
  },
  Symbol(enzyme.__nodes__): Array [
    Object {
      "instance": null,
      "key": undefined,
      "nodeType": "host",
      "props": Object {
        "children": Array [
          <StateManager
            className="select-input"
            defaultInputValue=""
            defaultMenuIsOpen={false}
            defaultValue={null}
            onChange={[Function]}
            options={Array []}
            placeholder="Search a neighborhhod for projects"
            value=""
          />,
          <ProjectsContainer
            allUsers={Array []}
            projects={Array []}
          />,
        ],
        "className": "landing-page",
      },
      "ref": null,
      "rendered": Array [
        Object {
          "instance": null,
          "key": undefined,
          "nodeType": "class",
          "props": Object {
            "className": "select-input",
            "defaultInputValue": "",
            "defaultMenuIsOpen": false,
            "defaultValue": null,
            "onChange": [Function],
            "options": Array [],
            "placeholder": "Search a neighborhhod for projects",
            "value": "",
          },
          "ref": null,
          "rendered": null,
          "type": [Function],
        },
        Object {
          "instance": null,
          "key": undefined,
          "nodeType": "function",
          "props": Object {
            "allUsers": Array [],
            "projects": Array [],
          },
          "ref": null,
          "rendered": null,
          "type": [Function],
        },
      ],
      "type": "div",
    },
  ],
  Symbol(enzyme.__options__): Object {
    "adapter": ReactSixteenAdapter {
      "options": Object {
        "enableComponentDidUpdateOnSetState": true,
        "lifecycles": Object {
          "componentDidUpdate": Object {
            "onSetState": true,
          },
          "getDerivedStateFromProps": true,
          "getSnapshotBeforeUpdate": true,
          "setState": Object {
            "skipsComponentDidUpdateOnNullish": true,
          },
        },
      },
    },
  },
}
`;
