// Jest Snapshot v1, https://goo.gl/fbAQLP

exports[`ProjectCard should match the snapshot 1`] = `
ShallowWrapper {
  Symbol(enzyme.__root__): [Circular],
  Symbol(enzyme.__unrendered__): <ProjectCard
    resources={Array []}
  />,
  Symbol(enzyme.__renderer__): Object {
    "batchedUpdates": [Function],
    "getNode": [Function],
    "render": [Function],
    "simulateError": [Function],
    "simulateEvent": [Function],
    "unmount": [Function],
  },
  Symbol(enzyme.__node__): Object {
    "instance": null,
    "key": undefined,
    "nodeType": "host",
    "props": Object {
      "children": Array [
        <img
          alt="uploaded view of the project"
          className="project-image"
        />,
        <h2>
          project: 
        </h2>,
        <h3>
          neighbor: 
          undefined undefined
        </h3>,
        <h4>
          contact: 
        </h4>,
        <h5>
          description: 
        </h5>,
        <h5>
          resources: 
        </h5>,
        Array [],
        <NavLink
          activeClassName="active"
          aria-current="page"
          className="comments-button"
          onClick={[Function]}
          to="/Contributions"
        >
          Comments
        </NavLink>,
      ],
      "className": "Card",
    },
    "ref": null,
    "rendered": Array [
      Object {
        "instance": null,
        "key": undefined,
        "nodeType": "host",
        "props": Object {
          "alt": "uploaded view of the project",
          "className": "project-image",
          "src": undefined,
        },
        "ref": null,
        "rendered": null,
        "type": "img",
      },
      Object {
        "instance": null,
        "key": undefined,
        "nodeType": "host",
        "props": Object {
          "children": Array [
            "project: ",
            undefined,
          ],
        },
        "ref": null,
        "rendered": Array [
          "project: ",
          undefined,
        ],
        "type": "h2",
      },
      Object {
        "instance": null,
        "key": undefined,
        "nodeType": "host",
        "props": Object {
          "children": Array [
            "neighbor: ",
            "undefined undefined",
          ],
        },
        "ref": null,
        "rendered": Array [
          "neighbor: ",
          "undefined undefined",
        ],
        "type": "h3",
      },
      Object {
        "instance": null,
        "key": undefined,
        "nodeType": "host",
        "props": Object {
          "children": Array [
            "contact: ",
            undefined,
          ],
        },
        "ref": null,
        "rendered": Array [
          "contact: ",
          undefined,
        ],
        "type": "h4",
      },
      Object {
        "instance": null,
        "key": undefined,
        "nodeType": "host",
        "props": Object {
          "children": Array [
            "description: ",
            undefined,
          ],
        },
        "ref": null,
        "rendered": Array [
          "description: ",
          undefined,
        ],
        "type": "h5",
      },
      Object {
        "instance": null,
        "key": undefined,
        "nodeType": "host",
        "props": Object {
          "children": "resources: ",
        },
        "ref": null,
        "rendered": "resources: ",
        "type": "h5",
      },
      Object {
        "instance": null,
        "key": undefined,
        "nodeType": "function",
        "props": Object {
          "activeClassName": "active",
          "aria-current": "page",
          "children": "Comments",
          "className": "comments-button",
          "onClick": [Function],
          "to": "/Contributions",
        },
        "ref": null,
        "rendered": "Comments",
        "type": [Function],
      },
    ],
    "type": "div",
  },
  Symbol(enzyme.__nodes__): Array [
    Object {
      "instance": null,
      "key": undefined,
      "nodeType": "host",
      "props": Object {
        "children": Array [
          <img
            alt="uploaded view of the project"
            className="project-image"
          />,
          <h2>
            project: 
          </h2>,
          <h3>
            neighbor: 
            undefined undefined
          </h3>,
          <h4>
            contact: 
          </h4>,
          <h5>
            description: 
          </h5>,
          <h5>
            resources: 
          </h5>,
          Array [],
          <NavLink
            activeClassName="active"
            aria-current="page"
            className="comments-button"
            onClick={[Function]}
            to="/Contributions"
          >
            Comments
          </NavLink>,
        ],
        "className": "Card",
      },
      "ref": null,
      "rendered": Array [
        Object {
          "instance": null,
          "key": undefined,
          "nodeType": "host",
          "props": Object {
            "alt": "uploaded view of the project",
            "className": "project-image",
            "src": undefined,
          },
          "ref": null,
          "rendered": null,
          "type": "img",
        },
        Object {
          "instance": null,
          "key": undefined,
          "nodeType": "host",
          "props": Object {
            "children": Array [
              "project: ",
              undefined,
            ],
          },
          "ref": null,
          "rendered": Array [
            "project: ",
            undefined,
          ],
          "type": "h2",
        },
        Object {
          "instance": null,
          "key": undefined,
          "nodeType": "host",
          "props": Object {
            "children": Array [
              "neighbor: ",
              "undefined undefined",
            ],
          },
          "ref": null,
          "rendered": Array [
            "neighbor: ",
            "undefined undefined",
          ],
          "type": "h3",
        },
        Object {
          "instance": null,
          "key": undefined,
          "nodeType": "host",
          "props": Object {
            "children": Array [
              "contact: ",
              undefined,
            ],
          },
          "ref": null,
          "rendered": Array [
            "contact: ",
            undefined,
          ],
          "type": "h4",
        },
        Object {
          "instance": null,
          "key": undefined,
          "nodeType": "host",
          "props": Object {
            "children": Array [
              "description: ",
              undefined,
            ],
          },
          "ref": null,
          "rendered": Array [
            "description: ",
            undefined,
          ],
          "type": "h5",
        },
        Object {
          "instance": null,
          "key": undefined,
          "nodeType": "host",
          "props": Object {
            "children": "resources: ",
          },
          "ref": null,
          "rendered": "resources: ",
          "type": "h5",
        },
        Object {
          "instance": null,
          "key": undefined,
          "nodeType": "function",
          "props": Object {
            "activeClassName": "active",
            "aria-current": "page",
            "children": "Comments",
            "className": "comments-button",
            "onClick": [Function],
            "to": "/Contributions",
          },
          "ref": null,
          "rendered": "Comments",
          "type": [Function],
        },
      ],
      "type": "div",
    },
  ],
  Symbol(enzyme.__options__): Object {
    "adapter": ReactSixteenAdapter {
      "options": Object {
        "enableComponentDidUpdateOnSetState": true,
        "lifecycles": Object {
          "componentDidUpdate": Object {
            "onSetState": true,
          },
          "getDerivedStateFromProps": true,
          "getSnapshotBeforeUpdate": true,
          "setState": Object {
            "skipsComponentDidUpdateOnNullish": true,
          },
        },
      },
    },
  },
}
`;
